######## hello ########
Diagnostic Report #1 @[/private/tmp/kira-probe-cases/hello/src/main.kira] : line 1, col 9
X| 
1| module "probe:hello"
X|         ^^^^^^^^^^^
X|         Module URI 'probe:hello' does not match the source file location. Expected path ending with 'probe/hello.kira' but found '/private/tmp/kira-probe-cases/hello/src/main.kira'.
X|         
X|         Help: The module path segments map to folders under the package name; the final segment must be the source file name without the '.kira' extension.

        
Info/Kira: ** Found 1 issues. See the diagnostic above.
Info/Kira: Everything took 130.193042
-- generated C (filtered) --
17:typedef struct 
21:typedef struct 
25:typedef struct 
29:typedef struct 
33:KInt true = KInt { };
34:KInt false = KInt { };
37:typedef struct 
39:KInt length();
40:KInt isEmpty();
41:const char* substring(KInt start, KInt end);
42:const char* charAt(KInt index);
43:KInt contains(const char* value);
44:KInt startsWith(const char* prefix);
45:KInt endsWith(const char* suffix);
52:typedef struct 
55:KInt toInt32();
61:typedef struct 
65:typedef struct 
69:typedef struct 
73:typedef struct 
77:typedef struct 
81:typedef struct 
85:typedef KInt Int;
88:typedef struct 
90:KInt size() {
91:    return 0;
95:typedef struct 
97:T firstKInt size() {
98:    return 1;
102:typedef struct 
104:A firstB secondKInt size() {
105:    return 2;
110:typedef struct 
112:A firstB secondC thirdKInt size() {
113:    return 3;
117:typedef struct 
119:A firstB secondC thirdD fourthKInt size() {
120:    return 4;
124:typedef struct 
126:A firstB secondC thirdD fourthE fifthKInt size() {
-- clang --
syntax:1
/tmp/kira-probe-cases/hello/out.kira.c:20:6: error: expected ';' after top level declarator
   20 | } Any
      |      ^
      |      ;
/tmp/kira-probe-cases/hello/out.kira.c:24:7: error: expected ';' after top level declarator
   24 | } Void
      |       ^
      |       ;
/tmp/kira-probe-cases/hello/out.kira.c:28:8: error: expected ';' after top level declarator
   28 | } Never
      |        ^
      |        ;
/tmp/kira-probe-cases/hello/out.kira.c:32:2: error: expected ';' after struct
   32 | } Bool
      |  ^
build:1
/tmp/kira-probe-cases/hello/out.kira.c:20:6: error: expected ';' after top level declarator
   20 | } Any
      |      ^
      |      ;
/tmp/kira-probe-cases/hello/out.kira.c:24:7: error: expected ';' after top level declarator
   24 | } Void
      |       ^
      |       ;
/tmp/kira-probe-cases/hello/out.kira.c:28:8: error: expected ';' after top level declarator
   28 | } Never
      |        ^
      |        ;
/tmp/kira-probe-cases/hello/out.kira.c:32:2: error: expected ';' after struct
   32 | } Bool
      |  ^
/tmp/kira-probe-cases/hello/out.kira.c:32:3: error: unknown type name 'Bool'; did you mean '_Bool'?
   32 | } Bool
      |   ^~~~
      |   _Bool
/tmp/kira-probe-cases/hello/out.kira.c:33:1: error: typedef redefinition with different types ('bool' vs 'int32_t' (aka 'int'))

######## arith ########
Diagnostic Report #1 @[/private/tmp/kira-probe-cases/arith/src/main.kira] : line 1, col 9
X| 
1| module "probe:arith"
X|         ^^^^^^^^^^^
X|         Module URI 'probe:arith' does not match the source file location. Expected path ending with 'probe/arith.kira' but found '/private/tmp/kira-probe-cases/arith/src/main.kira'.
X|         
X|         Help: The module path segments map to folders under the package name; the final segment must be the source file name without the '.kira' extension.

        
Info/Kira: ** Found 1 issues. See the diagnostic above.
Info/Kira: Everything took 133.147334
-- generated C (filtered) --
17:typedef struct 
21:typedef struct 
25:typedef struct 
29:typedef struct 
33:KInt true = KInt { };
34:KInt false = KInt { };
37:typedef struct 
39:KInt length();
40:KInt isEmpty();
41:const char* substring(KInt start, KInt end);
42:const char* charAt(KInt index);
43:KInt contains(const char* value);
44:KInt startsWith(const char* prefix);
45:KInt endsWith(const char* suffix);
52:typedef struct 
55:KInt toInt32();
61:typedef struct 
65:typedef struct 
69:typedef struct 
73:typedef struct 
77:typedef struct 
81:typedef struct 
85:typedef KInt Int;
88:typedef struct 
90:KInt size() {
91:    return 0;
95:typedef struct 
97:T firstKInt size() {
98:    return 1;
102:typedef struct 
104:A firstB secondKInt size() {
105:    return 2;
110:typedef struct 
112:A firstB secondC thirdKInt size() {
113:    return 3;
117:typedef struct 
119:A firstB secondC thirdD fourthKInt size() {
120:    return 4;
124:typedef struct 
126:A firstB secondC thirdD fourthE fifthKInt size() {
-- clang --
syntax:1
/tmp/kira-probe-cases/arith/out.kira.c:20:6: error: expected ';' after top level declarator
   20 | } Any
      |      ^
      |      ;
/tmp/kira-probe-cases/arith/out.kira.c:24:7: error: expected ';' after top level declarator
   24 | } Void
      |       ^
      |       ;
/tmp/kira-probe-cases/arith/out.kira.c:28:8: error: expected ';' after top level declarator
   28 | } Never
      |        ^
      |        ;
/tmp/kira-probe-cases/arith/out.kira.c:32:2: error: expected ';' after struct
   32 | } Bool
      |  ^
build:1
/tmp/kira-probe-cases/arith/out.kira.c:20:6: error: expected ';' after top level declarator
   20 | } Any
      |      ^
      |      ;
/tmp/kira-probe-cases/arith/out.kira.c:24:7: error: expected ';' after top level declarator
   24 | } Void
      |       ^
      |       ;
/tmp/kira-probe-cases/arith/out.kira.c:28:8: error: expected ';' after top level declarator
   28 | } Never
      |        ^
      |        ;
/tmp/kira-probe-cases/arith/out.kira.c:32:2: error: expected ';' after struct
   32 | } Bool
      |  ^
/tmp/kira-probe-cases/arith/out.kira.c:32:3: error: unknown type name 'Bool'; did you mean '_Bool'?
   32 | } Bool
      |   ^~~~
      |   _Bool
/tmp/kira-probe-cases/arith/out.kira.c:33:1: error: typedef redefinition with different types ('bool' vs 'int32_t' (aka 'int'))

######## forrange ########
Diagnostic Report #1 @[/private/tmp/kira-probe-cases/forrange/src/main.kira] : line 1, col 9
X| 
1| module "probe:forrange"
X|         ^^^^^^^^^^^^^^
X|         Module URI 'probe:forrange' does not match the source file location. Expected path ending with 'probe/forrange.kira' but found '/private/tmp/kira-probe-cases/forrange/src/main.kira'.
X|         
X|         Help: The module path segments map to folders under the package name; the final segment must be the source file name without the '.kira' extension.

        
Info/Kira: ** Found 1 issues. See the diagnostic above.
Info/Kira: Everythi
-- generated C (filtered) --
17:typedef struct 
21:typedef struct 
25:typedef struct 
29:typedef struct 
33:KInt true = KInt { };
34:KInt false = KInt { };
37:typedef struct 
39:KInt length();
40:KInt isEmpty();
41:const char* substring(KInt start, KInt end);
42:const char* charAt(KInt index);
43:KInt contains(const char* value);
44:KInt startsWith(const char* prefix);
45:KInt endsWith(const char* suffix);
52:typedef struct 
55:KInt toInt32();
61:typedef struct 
65:typedef struct 
69:typedef struct 
73:typedef struct 
77:typedef struct 
81:typedef struct 
85:typedef KInt Int;
88:typedef struct 
90:KInt size() {
91:    return 0;
95:typedef struct 
97:T firstKInt size() {
98:    return 1;
102:typedef struct 
104:A firstB secondKInt size() {
105:    return 2;
110:typedef struct 
112:A firstB secondC thirdKInt size() {
113:    return 3;
117:typedef struct 
119:A firstB secondC thirdD fourthKInt size() {
120:    return 4;
124:typedef struct 
126:A firstB secondC thirdD fourthE fifthKInt size() {
-- clang --
syntax:1
/tmp/kira-probe-cases/forrange/out.kira.c:20:6: error: expected ';' after top level declarator
   20 | } Any
      |      ^
      |      ;
/tmp/kira-probe-cases/forrange/out.kira.c:24:7: error: expected ';' after top level declarator
   24 | } Void
      |       ^
      |       ;
/tmp/kira-probe-cases/forrange/out.kira.c:28:8: error: expected ';' after top level declarator
   28 | } Never
      |        ^
      |        ;
/tmp/kira-probe-cases/forrange/out.kira.c:32:2: error: expected ';' after struct
   32 | } Bool
      |  ^
build:1
/tmp/kira-probe-cases/forrange/out.kira.c:20:6: error: expected ';' after top level declarator
   20 | } Any
      |      ^
      |      ;
/tmp/kira-probe-cases/forrange/out.kira.c:24:7: error: expected ';' after top level declarator
   24 | } Void
      |       ^
      |       ;
/tmp/kira-probe-cases/forrange/out.kira.c:28:8: error: expected ';' after top level declarator
   28 | } Never
      |        ^
      |        ;
/tmp/kira-probe-cases/forrange/out.kira.c:32:2: error: expected ';' after struct
   32 | } Bool
      |  ^
/tmp/kira-probe-cases/forrange/out.kira.c:32:3: error: unknown type name 'Bool'; did you mean '_Bool'?
   32 | } Bool
      |   ^~~~
      |   _Bool
/tmp/kira-probe-cases/forrange/out.kira.c:33:1: error: typedef redefinition with different types ('bool' vs 'int32_t' (aka 'int'))

######## ifelse ########
Diagnostic Report #1 @[/private/tmp/kira-probe-cases/ifelse/src/main.kira] : line 1, col 9
X| 
1| module "probe:ifelse"
X|         ^^^^^^^^^^^^
X|         Module URI 'probe:ifelse' does not match the source file location. Expected path ending with 'probe/ifelse.kira' but found '/private/tmp/kira-probe-cases/ifelse/src/main.kira'.
X|         
X|         Help: The module path segments map to folders under the package name; the final segment must be the source file name without the '.kira' extension.

        
Info/Kira: ** Found 1 issues. See the diagnostic above.
Info/Kira: Everything took 189.
-- generated C (filtered) --
17:typedef struct 
21:typedef struct 
25:typedef struct 
29:typedef struct 
33:KInt true = KInt { };
34:KInt false = KInt { };
37:typedef struct 
39:KInt length();
40:KInt isEmpty();
41:const char* substring(KInt start, KInt end);
42:const char* charAt(KInt index);
43:KInt contains(const char* value);
44:KInt startsWith(const char* prefix);
45:KInt endsWith(const char* suffix);
52:typedef struct 
55:KInt toInt32();
61:typedef struct 
65:typedef struct 
69:typedef struct 
73:typedef struct 
77:typedef struct 
81:typedef struct 
85:typedef KInt Int;
88:typedef struct 
90:KInt size() {
91:    return 0;
95:typedef struct 
97:T firstKInt size() {
98:    return 1;
102:typedef struct 
104:A firstB secondKInt size() {
105:    return 2;
110:typedef struct 
112:A firstB secondC thirdKInt size() {
113:    return 3;
117:typedef struct 
119:A firstB secondC thirdD fourthKInt size() {
120:    return 4;
124:typedef struct 
126:A firstB secondC thirdD fourthE fifthKInt size() {
-- clang --
syntax:1
/tmp/kira-probe-cases/ifelse/out.kira.c:20:6: error: expected ';' after top level declarator
   20 | } Any
      |      ^
      |      ;
/tmp/kira-probe-cases/ifelse/out.kira.c:24:7: error: expected ';' after top level declarator
   24 | } Void
      |       ^
      |       ;
/tmp/kira-probe-cases/ifelse/out.kira.c:28:8: error: expected ';' after top level declarator
   28 | } Never
      |        ^
      |        ;
/tmp/kira-probe-cases/ifelse/out.kira.c:32:2: error: expected ';' after struct
   32 | } Bool
      |  ^
build:1
/tmp/kira-probe-cases/ifelse/out.kira.c:20:6: error: expected ';' after top level declarator
   20 | } Any
      |      ^
      |      ;
/tmp/kira-probe-cases/ifelse/out.kira.c:24:7: error: expected ';' after top level declarator
   24 | } Void
      |       ^
      |       ;
/tmp/kira-probe-cases/ifelse/out.kira.c:28:8: error: expected ';' after top level declarator
   28 | } Never
      |        ^
      |        ;
/tmp/kira-probe-cases/ifelse/out.kira.c:32:2: error: expected ';' after struct
   32 | } Bool
      |  ^
/tmp/kira-probe-cases/ifelse/out.kira.c:32:3: error: unknown type name 'Bool'; did you mean '_Bool'?
   32 | } Bool
      |   ^~~~
      |   _Bool
/tmp/kira-probe-cases/ifelse/out.kira.c:33:1: error: typedef redefinition with different types ('bool' vs 'int32_t' (aka 'int'))

######## fncall ########
Diagnostic Report #1 @[/private/tmp/kira-probe-cases/fncall/src/main.kira] : line 1, col 9
X| 
1| module "probe:fncall"
X|         ^^^^^^^^^^^^
X|         Module URI 'probe:fncall' does not match the source file location. Expected path ending with 'probe/fncall.kira' but found '/private/tmp/kira-probe-cases/fncall/src/main.kira'.
X|         
X|         Help: The module path segments map to folders under the package name; the final segment must be the source file name without the '.kira' extension.

        
Info/Kira: ** Found 1 issues. See the diagnostic above.
Info/Kira: Everything took 126.
-- generated C (filtered) --
17:typedef struct 
21:typedef struct 
25:typedef struct 
29:typedef struct 
33:KInt true = KInt { };
34:KInt false = KInt { };
37:typedef struct 
39:KInt length();
40:KInt isEmpty();
41:const char* substring(KInt start, KInt end);
42:const char* charAt(KInt index);
43:KInt contains(const char* value);
44:KInt startsWith(const char* prefix);
45:KInt endsWith(const char* suffix);
52:typedef struct 
55:KInt toInt32();
61:typedef struct 
65:typedef struct 
69:typedef struct 
73:typedef struct 
77:typedef struct 
81:typedef struct 
85:typedef KInt Int;
88:typedef struct 
90:KInt size() {
91:    return 0;
95:typedef struct 
97:T firstKInt size() {
98:    return 1;
102:typedef struct 
104:A firstB secondKInt size() {
105:    return 2;
110:typedef struct 
112:A firstB secondC thirdKInt size() {
113:    return 3;
117:typedef struct 
119:A firstB secondC thirdD fourthKInt size() {
120:    return 4;
124:typedef struct 
126:A firstB secondC thirdD fourthE fifthKInt size() {
-- clang --
syntax:1
/tmp/kira-probe-cases/fncall/out.kira.c:20:6: error: expected ';' after top level declarator
   20 | } Any
      |      ^
      |      ;
/tmp/kira-probe-cases/fncall/out.kira.c:24:7: error: expected ';' after top level declarator
   24 | } Void
      |       ^
      |       ;
/tmp/kira-probe-cases/fncall/out.kira.c:28:8: error: expected ';' after top level declarator
   28 | } Never
      |        ^
      |        ;
/tmp/kira-probe-cases/fncall/out.kira.c:32:2: error: expected ';' after struct
   32 | } Bool
      |  ^
build:1
/tmp/kira-probe-cases/fncall/out.kira.c:20:6: error: expected ';' after top level declarator
   20 | } Any
      |      ^
      |      ;
/tmp/kira-probe-cases/fncall/out.kira.c:24:7: error: expected ';' after top level declarator
   24 | } Void
      |       ^
      |       ;
/tmp/kira-probe-cases/fncall/out.kira.c:28:8: error: expected ';' after top level declarator
   28 | } Never
      |        ^
      |        ;
/tmp/kira-probe-cases/fncall/out.kira.c:32:2: error: expected ';' after struct
   32 | } Bool
      |  ^
/tmp/kira-probe-cases/fncall/out.kira.c:32:3: error: unknown type name 'Bool'; did you mean '_Bool'?
   32 | } Bool
      |   ^~~~
      |   _Bool
/tmp/kira-probe-cases/fncall/out.kira.c:33:1: error: typedef redefinition with different types ('bool' vs 'int32_t' (aka 'int'))

######## clazz ########
Diagnostic Report #1 @[/private/tmp/kira-probe-cases/clazz/src/main.kira] : line 1, col 9
X| 
1| module "probe:clazz"
X|         ^^^^^^^^^^^
X|         Module URI 'probe:clazz' does not match the source file location. Expected path ending with 'probe/clazz.kira' but found '/private/tmp/kira-probe-cases/clazz/src/main.kira'.
X|         
X|         Help: The module path segments map to folders under the package name; the final segment must be the source file name without the '.kira' extension.

        
Info/Kira: ** Found 1 issues. See the diagnostic above.
Info/Kira: Everything took 133.382500
-- generated C (filtered) --
17:typedef struct 
21:typedef struct 
25:typedef struct 
29:typedef struct 
33:KInt true = KInt { };
34:KInt false = KInt { };
37:typedef struct 
39:KInt length();
40:KInt isEmpty();
41:const char* substring(KInt start, KInt end);
42:const char* charAt(KInt index);
43:KInt contains(const char* value);
44:KInt startsWith(const char* prefix);
45:KInt endsWith(const char* suffix);
52:typedef struct 
55:KInt toInt32();
61:typedef struct 
65:typedef struct 
69:typedef struct 
73:typedef struct 
77:typedef struct 
81:typedef struct 
85:typedef KInt Int;
88:typedef struct 
90:KInt size() {
91:    return 0;
95:typedef struct 
97:T firstKInt size() {
98:    return 1;
102:typedef struct 
104:A firstB secondKInt size() {
105:    return 2;
110:typedef struct 
112:A firstB secondC thirdKInt size() {
113:    return 3;
117:typedef struct 
119:A firstB secondC thirdD fourthKInt size() {
120:    return 4;
124:typedef struct 
126:A firstB secondC thirdD fourthE fifthKInt size() {
-- clang --
syntax:1
/tmp/kira-probe-cases/clazz/out.kira.c:20:6: error: expected ';' after top level declarator
   20 | } Any
      |      ^
      |      ;
/tmp/kira-probe-cases/clazz/out.kira.c:24:7: error: expected ';' after top level declarator
   24 | } Void
      |       ^
      |       ;
/tmp/kira-probe-cases/clazz/out.kira.c:28:8: error: expected ';' after top level declarator
   28 | } Never
      |        ^
      |        ;
/tmp/kira-probe-cases/clazz/out.kira.c:32:2: error: expected ';' after struct
   32 | } Bool
      |  ^
build:1
/tmp/kira-probe-cases/clazz/out.kira.c:20:6: error: expected ';' after top level declarator
   20 | } Any
      |      ^
      |      ;
/tmp/kira-probe-cases/clazz/out.kira.c:24:7: error: expected ';' after top level declarator
   24 | } Void
      |       ^
      |       ;
/tmp/kira-probe-cases/clazz/out.kira.c:28:8: error: expected ';' after top level declarator
   28 | } Never
      |        ^
      |        ;
/tmp/kira-probe-cases/clazz/out.kira.c:32:2: error: expected ';' after struct
   32 | } Bool
      |  ^
/tmp/kira-probe-cases/clazz/out.kira.c:32:3: error: unknown type name 'Bool'; did you mean '_Bool'?
   32 | } Bool
      |   ^~~~
      |   _Bool
/tmp/kira-probe-cases/clazz/out.kira.c:33:1: error: typedef redefinition with different types ('bool' vs 'int32_t' (aka 'int'))

######## enumx ########
Diagnostic Report #1 @[/private/tmp/kira-probe-cases/enumx/src/main.kira] : line 1, col 9
X| 
1| module "probe:enumx"
X|         ^^^^^^^^^^^
X|         Module URI 'probe:enumx' does not match the source file location. Expected path ending with 'probe/enumx.kira' but found '/private/tmp/kira-probe-cases/enumx/src/main.kira'.
X|         
X|         Help: The module path segments map to folders under the package name; the final segment must be the source file name without the '.kira' extension.

        
Info/Kira: ** Found 1 issues. See the diagnostic above.
Info/Kira: Everything took 128.341666
-- generated C (filtered) --
17:typedef struct 
21:typedef struct 
25:typedef struct 
29:typedef struct 
33:KInt true = KInt { };
34:KInt false = KInt { };
37:typedef struct 
39:KInt length();
40:KInt isEmpty();
41:const char* substring(KInt start, KInt end);
42:const char* charAt(KInt index);
43:KInt contains(const char* value);
44:KInt startsWith(const char* prefix);
45:KInt endsWith(const char* suffix);
52:typedef struct 
55:KInt toInt32();
61:typedef struct 
65:typedef struct 
69:typedef struct 
73:typedef struct 
77:typedef struct 
81:typedef struct 
85:typedef KInt Int;
88:typedef struct 
90:KInt size() {
91:    return 0;
95:typedef struct 
97:T firstKInt size() {
98:    return 1;
102:typedef struct 
104:A firstB secondKInt size() {
105:    return 2;
110:typedef struct 
112:A firstB secondC thirdKInt size() {
113:    return 3;
117:typedef struct 
119:A firstB secondC thirdD fourthKInt size() {
120:    return 4;
124:typedef struct 
126:A firstB secondC thirdD fourthE fifthKInt size() {
-- clang --
syntax:1
/tmp/kira-probe-cases/enumx/out.kira.c:20:6: error: expected ';' after top level declarator
   20 | } Any
      |      ^
      |      ;
/tmp/kira-probe-cases/enumx/out.kira.c:24:7: error: expected ';' after top level declarator
   24 | } Void
      |       ^
      |       ;
/tmp/kira-probe-cases/enumx/out.kira.c:28:8: error: expected ';' after top level declarator
   28 | } Never
      |        ^
      |        ;
/tmp/kira-probe-cases/enumx/out.kira.c:32:2: error: expected ';' after struct
   32 | } Bool
      |  ^
build:1
/tmp/kira-probe-cases/enumx/out.kira.c:20:6: error: expected ';' after top level declarator
   20 | } Any
      |      ^
      |      ;
/tmp/kira-probe-cases/enumx/out.kira.c:24:7: error: expected ';' after top level declarator
   24 | } Void
      |       ^
      |       ;
/tmp/kira-probe-cases/enumx/out.kira.c:28:8: error: expected ';' after top level declarator
   28 | } Never
      |        ^
      |        ;
/tmp/kira-probe-cases/enumx/out.kira.c:32:2: error: expected ';' after struct
   32 | } Bool
      |  ^
/tmp/kira-probe-cases/enumx/out.kira.c:32:3: error: unknown type name 'Bool'; did you mean '_Bool'?
   32 | } Bool
      |   ^~~~
      |   _Bool
/tmp/kira-probe-cases/enumx/out.kira.c:33:1: error: typedef redefinition with different types ('bool' vs 'int32_t' (aka 'int'))

######## arr ########
Diagnostic Report #1 @[/private/tmp/kira-probe-cases/arr/src/main.kira] : line 1, col 9
X| 
1| module "probe:arr"
X|         ^^^^^^^^^
X|         Module URI 'probe:arr' does not match the source file location. Expected path ending with 'probe/arr.kira' but found '/private/tmp/kira-probe-cases/arr/src/main.kira'.
X|         
X|         Help: The module path segments map to folders under the package name; the final segment must be the source file name without the '.kira' extension.

        
Info/Kira: ** Found 1 issues. See the diagnostic above.
Info/Kira: Everything took 125.471083ms

-- generated C (filtered) --
17:typedef struct 
21:typedef struct 
25:typedef struct 
29:typedef struct 
33:KInt true = KInt { };
34:KInt false = KInt { };
37:typedef struct 
39:KInt length();
40:KInt isEmpty();
41:const char* substring(KInt start, KInt end);
42:const char* charAt(KInt index);
43:KInt contains(const char* value);
44:KInt startsWith(const char* prefix);
45:KInt endsWith(const char* suffix);
52:typedef struct 
55:KInt toInt32();
61:typedef struct 
65:typedef struct 
69:typedef struct 
73:typedef struct 
77:typedef struct 
81:typedef struct 
85:typedef KInt Int;
88:typedef struct 
90:KInt size() {
91:    return 0;
95:typedef struct 
97:T firstKInt size() {
98:    return 1;
102:typedef struct 
104:A firstB secondKInt size() {
105:    return 2;
110:typedef struct 
112:A firstB secondC thirdKInt size() {
113:    return 3;
117:typedef struct 
119:A firstB secondC thirdD fourthKInt size() {
120:    return 4;
124:typedef struct 
126:A firstB secondC thirdD fourthE fifthKInt size() {
-- clang --
syntax:1
/tmp/kira-probe-cases/arr/out.kira.c:20:6: error: expected ';' after top level declarator
   20 | } Any
      |      ^
      |      ;
/tmp/kira-probe-cases/arr/out.kira.c:24:7: error: expected ';' after top level declarator
   24 | } Void
      |       ^
      |       ;
/tmp/kira-probe-cases/arr/out.kira.c:28:8: error: expected ';' after top level declarator
   28 | } Never
      |        ^
      |        ;
/tmp/kira-probe-cases/arr/out.kira.c:32:2: error: expected ';' after struct
   32 | } Bool
      |  ^
build:1
/tmp/kira-probe-cases/arr/out.kira.c:20:6: error: expected ';' after top level declarator
   20 | } Any
      |      ^
      |      ;
/tmp/kira-probe-cases/arr/out.kira.c:24:7: error: expected ';' after top level declarator
   24 | } Void
      |       ^
      |       ;
/tmp/kira-probe-cases/arr/out.kira.c:28:8: error: expected ';' after top level declarator
   28 | } Never
      |        ^
      |        ;
/tmp/kira-probe-cases/arr/out.kira.c:32:2: error: expected ';' after struct
   32 | } Bool
      |  ^
/tmp/kira-probe-cases/arr/out.kira.c:32:3: error: unknown type name 'Bool'; did you mean '_Bool'?
   32 | } Bool
      |   ^~~~
      |   _Bool
/tmp/kira-probe-cases/arr/out.kira.c:33:1: error: typedef redefinition with different types ('bool' vs 'int32_t' (aka 'int'))

######## gen ########
Diagnostic Report #1 @[/private/tmp/kira-probe-cases/gen/src/main.kira] : line 1, col 9
X| 
1| module "probe:gen"
X|         ^^^^^^^^^
X|         Module URI 'probe:gen' does not match the source file location. Expected path ending with 'probe/gen.kira' but found '/private/tmp/kira-probe-cases/gen/src/main.kira'.
X|         
X|         Help: The module path segments map to folders under the package name; the final segment must be the source file name without the '.kira' extension.

        
Info/Kira: ** Found 1 issues. See the diagnostic above.
Info/Kira: Everything took 135.710667ms

-- generated C (filtered) --
17:typedef struct 
21:typedef struct 
25:typedef struct 
29:typedef struct 
33:KInt true = KInt { };
34:KInt false = KInt { };
37:typedef struct 
39:KInt length();
40:KInt isEmpty();
41:const char* substring(KInt start, KInt end);
42:const char* charAt(KInt index);
43:KInt contains(const char* value);
44:KInt startsWith(const char* prefix);
45:KInt endsWith(const char* suffix);
52:typedef struct 
55:KInt toInt32();
61:typedef struct 
65:typedef struct 
69:typedef struct 
73:typedef struct 
77:typedef struct 
81:typedef struct 
85:typedef KInt Int;
88:typedef struct 
90:KInt size() {
91:    return 0;
95:typedef struct 
97:T firstKInt size() {
98:    return 1;
102:typedef struct 
104:A firstB secondKInt size() {
105:    return 2;
110:typedef struct 
112:A firstB secondC thirdKInt size() {
113:    return 3;
117:typedef struct 
119:A firstB secondC thirdD fourthKInt size() {
120:    return 4;
124:typedef struct 
126:A firstB secondC thirdD fourthE fifthKInt size() {
-- clang --
syntax:1
/tmp/kira-probe-cases/gen/out.kira.c:20:6: error: expected ';' after top level declarator
   20 | } Any
      |      ^
      |      ;
/tmp/kira-probe-cases/gen/out.kira.c:24:7: error: expected ';' after top level declarator
   24 | } Void
      |       ^
      |       ;
/tmp/kira-probe-cases/gen/out.kira.c:28:8: error: expected ';' after top level declarator
   28 | } Never
      |        ^
      |        ;
/tmp/kira-probe-cases/gen/out.kira.c:32:2: error: expected ';' after struct
   32 | } Bool
      |  ^
build:1
/tmp/kira-probe-cases/gen/out.kira.c:20:6: error: expected ';' after top level declarator
   20 | } Any
      |      ^
      |      ;
/tmp/kira-probe-cases/gen/out.kira.c:24:7: error: expected ';' after top level declarator
   24 | } Void
      |       ^
      |       ;
/tmp/kira-probe-cases/gen/out.kira.c:28:8: error: expected ';' after top level declarator
   28 | } Never
      |        ^
      |        ;
/tmp/kira-probe-cases/gen/out.kira.c:32:2: error: expected ';' after struct
   32 | } Bool
      |  ^
/tmp/kira-probe-cases/gen/out.kira.c:32:3: error: unknown type name 'Bool'; did you mean '_Bool'?
   32 | } Bool
      |   ^~~~
      |   _Bool
/tmp/kira-probe-cases/gen/out.kira.c:33:1: error: typedef redefinition with different types ('bool' vs 'int32_t' (aka 'int'))

######## strret ########
Diagnostic Report #1 @[/private/tmp/kira-probe-cases/strret/src/main.kira] : line 1, col 9
X| 
1| module "probe:strret"
X|         ^^^^^^^^^^^^
X|         Module URI 'probe:strret' does not match the source file location. Expected path ending with 'probe/strret.kira' but found '/private/tmp/kira-probe-cases/strret/src/main.kira'.
X|         
X|         Help: The module path segments map to folders under the package name; the final segment must be the source file name without the '.kira' extension.

        
Info/Kira: ** Found 1 issues. See the diagnostic above.
Info/Kira: Everything took 129.
-- generated C (filtered) --
17:typedef struct 
21:typedef struct 
25:typedef struct 
29:typedef struct 
33:KInt true = KInt { };
34:KInt false = KInt { };
37:typedef struct 
39:KInt length();
40:KInt isEmpty();
41:const char* substring(KInt start, KInt end);
42:const char* charAt(KInt index);
43:KInt contains(const char* value);
44:KInt startsWith(const char* prefix);
45:KInt endsWith(const char* suffix);
52:typedef struct 
55:KInt toInt32();
61:typedef struct 
65:typedef struct 
69:typedef struct 
73:typedef struct 
77:typedef struct 
81:typedef struct 
85:typedef KInt Int;
88:typedef struct 
90:KInt size() {
91:    return 0;
95:typedef struct 
97:T firstKInt size() {
98:    return 1;
102:typedef struct 
104:A firstB secondKInt size() {
105:    return 2;
110:typedef struct 
112:A firstB secondC thirdKInt size() {
113:    return 3;
117:typedef struct 
119:A firstB secondC thirdD fourthKInt size() {
120:    return 4;
124:typedef struct 
126:A firstB secondC thirdD fourthE fifthKInt size() {
-- clang --
syntax:1
/tmp/kira-probe-cases/strret/out.kira.c:20:6: error: expected ';' after top level declarator
   20 | } Any
      |      ^
      |      ;
/tmp/kira-probe-cases/strret/out.kira.c:24:7: error: expected ';' after top level declarator
   24 | } Void
      |       ^
      |       ;
/tmp/kira-probe-cases/strret/out.kira.c:28:8: error: expected ';' after top level declarator
   28 | } Never
      |        ^
      |        ;
/tmp/kira-probe-cases/strret/out.kira.c:32:2: error: expected ';' after struct
   32 | } Bool
      |  ^
build:1
/tmp/kira-probe-cases/strret/out.kira.c:20:6: error: expected ';' after top level declarator
   20 | } Any
      |      ^
      |      ;
/tmp/kira-probe-cases/strret/out.kira.c:24:7: error: expected ';' after top level declarator
   24 | } Void
      |       ^
      |       ;
/tmp/kira-probe-cases/strret/out.kira.c:28:8: error: expected ';' after top level declarator
   28 | } Never
      |        ^
      |        ;
/tmp/kira-probe-cases/strret/out.kira.c:32:2: error: expected ';' after struct
   32 | } Bool
      |  ^
/tmp/kira-probe-cases/strret/out.kira.c:32:3: error: unknown type name 'Bool'; did you mean '_Bool'?
   32 | } Bool
      |   ^~~~
      |   _Bool
/tmp/kira-probe-cases/strret/out.kira.c:33:1: error: typedef redefinition with different types ('bool' vs 'int32_t' (aka 'int'))

######## dowhile ########
Diagnostic Report #1 @[/private/tmp/kira-probe-cases/dowhile/src/main.kira] : line 1, col 9
X| 
1| module "probe:dowhile"
X|         ^^^^^^^^^^^^^
X|         Module URI 'probe:dowhile' does not match the source file location. Expected path ending with 'probe/dowhile.kira' but found '/private/tmp/kira-probe-cases/dowhile/src/main.kira'.
X|         
X|         Help: The module path segments map to folders under the package name; the final segment must be the source file name without the '.kira' extension.

        
Info/Kira: ** Found 1 issues. See the diagnostic above.
Info/Kira: Everything too
-- generated C (filtered) --
17:typedef struct 
21:typedef struct 
25:typedef struct 
29:typedef struct 
33:KInt true = KInt { };
34:KInt false = KInt { };
37:typedef struct 
39:KInt length();
40:KInt isEmpty();
41:const char* substring(KInt start, KInt end);
42:const char* charAt(KInt index);
43:KInt contains(const char* value);
44:KInt startsWith(const char* prefix);
45:KInt endsWith(const char* suffix);
52:typedef struct 
55:KInt toInt32();
61:typedef struct 
65:typedef struct 
69:typedef struct 
73:typedef struct 
77:typedef struct 
81:typedef struct 
85:typedef KInt Int;
88:typedef struct 
90:KInt size() {
91:    return 0;
95:typedef struct 
97:T firstKInt size() {
98:    return 1;
102:typedef struct 
104:A firstB secondKInt size() {
105:    return 2;
110:typedef struct 
112:A firstB secondC thirdKInt size() {
113:    return 3;
117:typedef struct 
119:A firstB secondC thirdD fourthKInt size() {
120:    return 4;
124:typedef struct 
126:A firstB secondC thirdD fourthE fifthKInt size() {
-- clang --
syntax:1
/tmp/kira-probe-cases/dowhile/out.kira.c:20:6: error: expected ';' after top level declarator
   20 | } Any
      |      ^
      |      ;
/tmp/kira-probe-cases/dowhile/out.kira.c:24:7: error: expected ';' after top level declarator
   24 | } Void
      |       ^
      |       ;
/tmp/kira-probe-cases/dowhile/out.kira.c:28:8: error: expected ';' after top level declarator
   28 | } Never
      |        ^
      |        ;
/tmp/kira-probe-cases/dowhile/out.kira.c:32:2: error: expected ';' after struct
   32 | } Bool
      |  ^
build:1
/tmp/kira-probe-cases/dowhile/out.kira.c:20:6: error: expected ';' after top level declarator
   20 | } Any
      |      ^
      |      ;
/tmp/kira-probe-cases/dowhile/out.kira.c:24:7: error: expected ';' after top level declarator
   24 | } Void
      |       ^
      |       ;
/tmp/kira-probe-cases/dowhile/out.kira.c:28:8: error: expected ';' after top level declarator
   28 | } Never
      |        ^
      |        ;
/tmp/kira-probe-cases/dowhile/out.kira.c:32:2: error: expected ';' after struct
   32 | } Bool
      |  ^
/tmp/kira-probe-cases/dowhile/out.kira.c:32:3: error: unknown type name 'Bool'; did you mean '_Bool'?
   32 | } Bool
      |   ^~~~
      |   _Bool
/tmp/kira-probe-cases/dowhile/out.kira.c:33:1: error: typedef redefinition with different types ('bool' vs 'int32_t' (aka 'int'))

######## tryx ########
Diagnostic Report #1 @[/private/tmp/kira-probe-cases/tryx/src/main.kira] : line 1, col 9
X| 
1| module "probe:tryx"
X|         ^^^^^^^^^^
X|         Module URI 'probe:tryx' does not match the source file location. Expected path ending with 'probe/tryx.kira' but found '/private/tmp/kira-probe-cases/tryx/src/main.kira'.
X|         
X|         Help: The module path segments map to folders under the package name; the final segment must be the source file name without the '.kira' extension.

        
Info/Kira: ** Found 1 issues. See the diagnostic above.
Info/Kira: Everything took 129.411250ms

-- generated C (filtered) --
17:typedef struct 
21:typedef struct 
25:typedef struct 
29:typedef struct 
33:KInt true = KInt { };
34:KInt false = KInt { };
37:typedef struct 
39:KInt length();
40:KInt isEmpty();
41:const char* substring(KInt start, KInt end);
42:const char* charAt(KInt index);
43:KInt contains(const char* value);
44:KInt startsWith(const char* prefix);
45:KInt endsWith(const char* suffix);
52:typedef struct 
55:KInt toInt32();
61:typedef struct 
65:typedef struct 
69:typedef struct 
73:typedef struct 
77:typedef struct 
81:typedef struct 
85:typedef KInt Int;
88:typedef struct 
90:KInt size() {
91:    return 0;
95:typedef struct 
97:T firstKInt size() {
98:    return 1;
102:typedef struct 
104:A firstB secondKInt size() {
105:    return 2;
110:typedef struct 
112:A firstB secondC thirdKInt size() {
113:    return 3;
117:typedef struct 
119:A firstB secondC thirdD fourthKInt size() {
120:    return 4;
124:typedef struct 
126:A firstB secondC thirdD fourthE fifthKInt size() {
-- clang --
syntax:1
/tmp/kira-probe-cases/tryx/out.kira.c:20:6: error: expected ';' after top level declarator
   20 | } Any
      |      ^
      |      ;
/tmp/kira-probe-cases/tryx/out.kira.c:24:7: error: expected ';' after top level declarator
   24 | } Void
      |       ^
      |       ;
/tmp/kira-probe-cases/tryx/out.kira.c:28:8: error: expected ';' after top level declarator
   28 | } Never
      |        ^
      |        ;
/tmp/kira-probe-cases/tryx/out.kira.c:32:2: error: expected ';' after struct
   32 | } Bool
      |  ^
build:1
/tmp/kira-probe-cases/tryx/out.kira.c:20:6: error: expected ';' after top level declarator
   20 | } Any
      |      ^
      |      ;
/tmp/kira-probe-cases/tryx/out.kira.c:24:7: error: expected ';' after top level declarator
   24 | } Void
      |       ^
      |       ;
/tmp/kira-probe-cases/tryx/out.kira.c:28:8: error: expected ';' after top level declarator
   28 | } Never
      |        ^
      |        ;
/tmp/kira-probe-cases/tryx/out.kira.c:32:2: error: expected ';' after struct
   32 | } Bool
      |  ^
/tmp/kira-probe-cases/tryx/out.kira.c:32:3: error: unknown type name 'Bool'; did you mean '_Bool'?
   32 | } Bool
      |   ^~~~
      |   _Bool
/tmp/kira-probe-cases/tryx/out.kira.c:33:1: error: typedef redefinition with different types ('bool' vs 'int32_t' (aka 'int'))

